../Middlewares/ST/touchgfx/framework/include/touchgfx/Unicode.hpp:404:25:static touchgfx::Unicode::UnicodeChar* touchgfx::Unicode::snprintfFloat(UnicodeChar*, uint16_t, const char*, float)	24	static
../Middlewares/ST/touchgfx/framework/include/touchgfx/Screen.hpp:104:18:virtual void touchgfx::Screen::afterTransition()	16	static
../Middlewares/ST/touchgfx/framework/include/touchgfx/Screen.hpp:115:18:virtual void touchgfx::Screen::tearDownScreen()	16	static
../Middlewares/ST/touchgfx/framework/include/touchgfx/Screen.hpp:144:18:virtual void touchgfx::Screen::handleTickEvent()	16	static
../TouchGFX/gui/include/gui/screen2_screen/Screen2View.hpp:11:13:Screen2View::~Screen2View()	16	static
../TouchGFX/gui/include/gui/screen2_screen/Screen2View.hpp:11:13:virtual Screen2View::~Screen2View()	16	static
../TouchGFX/gui/src/screen2_screen/Screen2View.cpp:3:1:Screen2View::Screen2View()	16	static
../TouchGFX/gui/src/screen2_screen/Screen2View.cpp:8:6:virtual void Screen2View::setupScreen()	16	static
../TouchGFX/gui/src/screen2_screen/Screen2View.cpp:13:6:virtual void Screen2View::tearDownScreen()	16	static
../TouchGFX/gui/src/screen2_screen/Screen2View.cpp:19:6:virtual void Screen2View::set19Value(float)	16	static
../TouchGFX/gui/src/screen2_screen/Screen2View.cpp:24:6:virtual void Screen2View::set20Value(float)	16	static
../TouchGFX/gui/src/screen2_screen/Screen2View.cpp:29:6:virtual void Screen2View::set21Value(float)	16	static
../TouchGFX/gui/src/screen2_screen/Screen2View.cpp:34:6:virtual void Screen2View::set22Value(float)	16	static
