../Core/Src/bq76952.c:90:6:delayUS	16	static
../Core/Src/bq76952.c:96:6:CopyArray	32	static
../Core/Src/bq76952.c:106:15:Checksum	24	static
../Core/Src/bq76952.c:126:15:CRC8	24	static
../Core/Src/bq76952.c:151:6:I2C_WriteReg	48	static
../Core/Src/bq76952.c:183:5:I2C_ReadReg	48	static
../Core/Src/bq76952.c:226:6:BQ769x2_SetRegister	32	static
../Core/Src/bq76952.c:270:6:CommandSubcommands	24	static
../Core/Src/bq76952.c:285:6:Subcommands	24	static
../Core/Src/bq76952.c:326:6:DirectCommands	24	static
../Core/Src/bq76952.c:347:6:BQ769x2_Init	8	static
../Core/Src/bq76952.c:445:6:BQ769x2_BOTHOFF	8	static
../Core/Src/bq76952.c:451:6:BQ769x2_RESET_BOTHOFF	8	static
../Core/Src/bq76952.c:457:6:BQ769x2_ReadFETStatus	8	static
../Core/Src/bq76952.c:477:6:BQ769x2_ShutdownPin	8	static
../Core/Src/bq76952.c:483:6:BQ769x2_ReleaseShutdownPin	8	static
../Core/Src/bq76952.c:494:10:BQ769x2_ReadAlarmStatus	8	static
../Core/Src/bq76952.c:500:6:BQ769x2_ReadSafetyStatus	8	static
../Core/Src/bq76952.c:521:6:BQ769x2_ReadPFStatus	8	static
../Core/Src/bq76952.c:538:10:BQ769x2_ReadVoltage	16	static
../Core/Src/bq76952.c:552:6:BQ769x2_ReadAllVoltages	16	static
../Core/Src/bq76952.c:565:10:BQ769x2_ReadCurrent	8	static
../Core/Src/bq76952.c:572:7:BQ769x2_ReadTemperature	16	static
../Core/Src/bq76952.c:579:6:BQ769x2_ReadPassQ	8	static
../Core/Src/bq76952.c:587:5:find_max_difference	32	static
